........................
----------------------------------------------------------------------
Ran 24 tests in 0.288s

OK

Loading checkpoint shards:   0%|          | 0/2 [00:00<?, ?it/s]
Loading checkpoint shards:  50%|█████     | 1/2 [00:00<00:00,  2.96it/s]
Loading checkpoint shards: 100%|██████████| 2/2 [00:00<00:00,  4.71it/s]
{"event": "completed_pair", "direction": "all", "step": 9.313225746154785e-10, "relative_error": 0.002267115784503994, "elapsed_seconds": 39.72025186382234}
{"event": "completed_pair", "direction": "all", "step": 1.862645149230957e-09, "relative_error": 0.007710860034675301, "elapsed_seconds": 40.34058368951082}
{"event": "completed_pair", "direction": "all", "step": 3.725290298461914e-09, "relative_error": 0.015066122918237662, "elapsed_seconds": 37.75690208375454}
{"event": "completed_pair", "direction": "all", "step": 7.450580596923828e-09, "relative_error": 0.009034232775463929, "elapsed_seconds": 38.82830695435405}
{"event": "completed_pair", "direction": "all", "step": 1.4901161193847656e-08, "relative_error": 0.08674081076975737, "elapsed_seconds": 41.63736120425165}
{"event": "completed_pair", "direction": "all", "step": 2.9802322387695312e-08, "relative_error": 0.2996578325171873, "elapsed_seconds": 39.86666971258819}
{"event": "completed_pair", "direction": "all", "step": 5.960464477539063e-08, "relative_error": 0.5336508716851474, "elapsed_seconds": 37.74369693361223}
{"event": "completed_pair", "direction": "all", "step": 1.1920928955078125e-07, "relative_error": 0.47094069724607096, "elapsed_seconds": 39.881741264835}
{"event": "completed_pair", "direction": "even_tiles", "step": 9.313225746154785e-10, "relative_error": 0.0011005519791415913, "elapsed_seconds": 37.75036899186671}
{"event": "completed_pair", "direction": "even_tiles", "step": 1.862645149230957e-09, "relative_error": 0.004116691161706791, "elapsed_seconds": 37.868396723642945}
{"event": "completed_pair", "direction": "even_tiles", "step": 3.725290298461914e-09, "relative_error": 0.012464323966035421, "elapsed_seconds": 39.28490149229765}
{"event": "completed_pair", "direction": "even_tiles", "step": 7.450580596923828e-09, "relative_error": 0.012869392510059488, "elapsed_seconds": 39.70342477597296}
{"event": "completed_pair", "direction": "even_tiles", "step": 1.4901161193847656e-08, "relative_error": 0.027309016702265404, "elapsed_seconds": 38.08420424722135}
{"event": "completed_pair", "direction": "even_tiles", "step": 2.9802322387695312e-08, "relative_error": 0.17555615791280538, "elapsed_seconds": 37.84777130745351}
{"event": "completed_pair", "direction": "even_tiles", "step": 5.960464477539063e-08, "relative_error": 0.4519645695480154, "elapsed_seconds": 37.72911747917533}
{"event": "completed_pair", "direction": "even_tiles", "step": 1.1920928955078125e-07, "relative_error": 0.6114091129689402, "elapsed_seconds": 40.85165800899267}
{"event": "completed_pair", "direction": "odd_tiles", "step": 9.313225746154785e-10, "relative_error": 0.00024612810665467194, "elapsed_seconds": 38.54805418662727}
{"event": "completed_pair", "direction": "odd_tiles", "step": 1.862645149230957e-09, "relative_error": 0.0009655022570110785, "elapsed_seconds": 38.635953936725855}
{"event": "completed_pair", "direction": "odd_tiles", "step": 3.725290298461914e-09, "relative_error": 0.0035687525919798867, "elapsed_seconds": 37.749253360554576}
{"event": "completed_pair", "direction": "odd_tiles", "step": 7.450580596923828e-09, "relative_error": 0.010244559045295698, "elapsed_seconds": 37.72921309247613}
{"event": "completed_pair", "direction": "odd_tiles", "step": 1.4901161193847656e-08, "relative_error": 0.00721316541934531, "elapsed_seconds": 37.79927977360785}
{"event": "completed_pair", "direction": "odd_tiles", "step": 2.9802322387695312e-08, "relative_error": 0.02573672093118495, "elapsed_seconds": 41.19713502191007}
{"event": "completed_pair", "direction": "odd_tiles", "step": 5.960464477539063e-08, "relative_error": 0.15128056147388572, "elapsed_seconds": 39.31878310255706}
{"event": "completed_pair", "direction": "odd_tiles", "step": 1.1920928955078125e-07, "relative_error": 0.363435275902993, "elapsed_seconds": 38.29713146202266}
{"status": "shard_complete_pending_full_grid_audit", "shard_passed": true}
